mode: set
github.com/OCAP2/web/internal/storage/converter.go:24.48,25.20 1 1
github.com/OCAP2/web/internal/storage/converter.go:25.20,27.3 1 1
github.com/OCAP2/web/internal/storage/converter.go:28.2,28.41 1 1
github.com/OCAP2/web/internal/storage/converter.go:33.100,36.16 2 1
github.com/OCAP2/web/internal/storage/converter.go:36.16,38.3 1 1
github.com/OCAP2/web/internal/storage/converter.go:41.2,42.45 2 1
github.com/OCAP2/web/internal/storage/converter.go:42.45,44.3 1 1
github.com/OCAP2/web/internal/storage/converter.go:46.2,47.16 2 1
github.com/OCAP2/web/internal/storage/converter.go:47.16,49.3 1 0
github.com/OCAP2/web/internal/storage/converter.go:52.2,53.16 2 1
github.com/OCAP2/web/internal/storage/converter.go:53.16,55.3 1 0
github.com/OCAP2/web/internal/storage/converter.go:58.2,60.16 3 1
github.com/OCAP2/web/internal/storage/converter.go:60.16,62.3 1 1
github.com/OCAP2/web/internal/storage/converter.go:65.2,65.54 1 1
github.com/OCAP2/web/internal/storage/converter.go:65.54,67.3 1 0
github.com/OCAP2/web/internal/storage/converter.go:70.2,70.70 1 1
github.com/OCAP2/web/internal/storage/converter.go:70.70,72.3 1 0
github.com/OCAP2/web/internal/storage/converter.go:74.2,74.68 1 1
github.com/OCAP2/web/internal/storage/converter.go:74.68,76.3 1 1
github.com/OCAP2/web/internal/storage/converter.go:78.2,78.12 1 1
github.com/OCAP2/web/internal/storage/converter.go:82.75,84.16 2 1
github.com/OCAP2/web/internal/storage/converter.go:84.16,86.3 1 1
github.com/OCAP2/web/internal/storage/converter.go:87.2,94.51 4 1
github.com/OCAP2/web/internal/storage/converter.go:94.51,96.52 1 1
github.com/OCAP2/web/internal/storage/converter.go:96.52,98.4 1 0
github.com/OCAP2/web/internal/storage/converter.go:100.3,100.43 1 1
github.com/OCAP2/web/internal/storage/converter.go:100.43,102.18 2 1
github.com/OCAP2/web/internal/storage/converter.go:102.18,104.5 1 0
github.com/OCAP2/web/internal/storage/converter.go:105.4,106.15 2 1
github.com/OCAP2/web/internal/storage/converter.go:110.2,111.62 2 1
github.com/OCAP2/web/internal/storage/converter.go:111.62,113.3 1 1
github.com/OCAP2/web/internal/storage/converter.go:115.2,115.18 1 1
github.com/OCAP2/web/internal/storage/converter.go:120.51,121.11 1 1
github.com/OCAP2/web/internal/storage/converter.go:122.14,123.42 1 1
github.com/OCAP2/web/internal/storage/converter.go:124.17,125.45 1 1
github.com/OCAP2/web/internal/storage/converter.go:126.10,127.45 1 1
github.com/OCAP2/web/internal/storage/converter.go:131.39,132.11 1 1
github.com/OCAP2/web/internal/storage/converter.go:133.14,134.29 1 1
github.com/OCAP2/web/internal/storage/converter.go:135.14,136.29 1 1
github.com/OCAP2/web/internal/storage/converter.go:137.29,138.29 1 1
github.com/OCAP2/web/internal/storage/converter.go:139.25,140.28 1 1
github.com/OCAP2/web/internal/storage/converter.go:141.16,142.31 1 1
github.com/OCAP2/web/internal/storage/converter.go:143.10,144.32 1 1
github.com/OCAP2/web/internal/storage/converter.go:150.41,151.13 1 1
github.com/OCAP2/web/internal/storage/converter.go:152.9,153.29 1 1
github.com/OCAP2/web/internal/storage/converter.go:154.9,155.29 1 1
github.com/OCAP2/web/internal/storage/converter.go:156.9,157.29 1 1
github.com/OCAP2/web/internal/storage/converter.go:158.9,159.28 1 1
github.com/OCAP2/web/internal/storage/converter.go:160.10,161.31 1 1
github.com/OCAP2/web/internal/storage/converter.go:162.10,163.32 1 1
github.com/OCAP2/web/internal/storage/converter.go:167.39,168.30 1 1
github.com/OCAP2/web/internal/storage/converter.go:168.30,170.3 1 1
github.com/OCAP2/web/internal/storage/converter.go:171.2,171.10 1 1
github.com/OCAP2/web/internal/storage/converter.go:174.37,175.29 1 1
github.com/OCAP2/web/internal/storage/converter.go:175.29,177.3 1 1
github.com/OCAP2/web/internal/storage/converter.go:178.2,178.11 1 1
github.com/OCAP2/web/internal/storage/engine.go:109.31,111.2 1 1
github.com/OCAP2/web/internal/storage/engine.go:114.45,115.32 1 1
github.com/OCAP2/web/internal/storage/engine.go:115.32,117.3 1 1
github.com/OCAP2/web/internal/storage/engine.go:118.2,118.60 1 1
github.com/OCAP2/web/internal/storage/engine.go:122.29,124.28 2 1
github.com/OCAP2/web/internal/storage/engine.go:124.28,126.3 1 1
github.com/OCAP2/web/internal/storage/engine.go:127.2,127.14 1 1
github.com/OCAP2/web/internal/storage/flatbuffers.go:22.62,24.2 1 1
github.com/OCAP2/web/internal/storage/flatbuffers.go:27.43,29.2 1 1
github.com/OCAP2/web/internal/storage/flatbuffers.go:32.54,34.2 1 1
github.com/OCAP2/web/internal/storage/flatbuffers.go:37.98,40.16 3 1
github.com/OCAP2/web/internal/storage/flatbuffers.go:40.16,42.3 1 1
github.com/OCAP2/web/internal/storage/flatbuffers.go:43.2,46.16 3 1
github.com/OCAP2/web/internal/storage/flatbuffers.go:46.16,48.3 1 1
github.com/OCAP2/web/internal/storage/flatbuffers.go:50.2,51.43 2 1
github.com/OCAP2/web/internal/storage/flatbuffers.go:55.108,58.2 2 1
github.com/OCAP2/web/internal/storage/flatbuffers.go:61.108,64.16 3 1
github.com/OCAP2/web/internal/storage/flatbuffers.go:64.16,66.3 1 1
github.com/OCAP2/web/internal/storage/flatbuffers.go:67.2,70.16 3 1
github.com/OCAP2/web/internal/storage/flatbuffers.go:70.16,72.3 1 0
github.com/OCAP2/web/internal/storage/flatbuffers.go:74.2,75.37 2 1
github.com/OCAP2/web/internal/storage/flatbuffers.go:79.121,82.2 2 1
github.com/OCAP2/web/internal/storage/flatbuffers.go:85.91,87.16 2 1
github.com/OCAP2/web/internal/storage/flatbuffers.go:87.16,89.3 1 1
github.com/OCAP2/web/internal/storage/flatbuffers.go:90.2,90.38 1 1
github.com/OCAP2/web/internal/storage/flatbuffers.go:96.80,99.16 2 1
github.com/OCAP2/web/internal/storage/flatbuffers.go:99.16,101.3 1 0
github.com/OCAP2/web/internal/storage/flatbuffers.go:104.2,104.38 1 1
github.com/OCAP2/web/internal/storage/flatbuffers.go:104.38,106.3 1 0
github.com/OCAP2/web/internal/storage/flatbuffers.go:125.2,127.23 2 1
github.com/OCAP2/web/internal/storage/flatbuffers.go:127.23,130.3 1 1
github.com/OCAP2/web/internal/storage/flatbuffers.go:133.2,135.16 3 1
github.com/OCAP2/web/internal/storage/flatbuffers.go:135.16,138.3 1 0
github.com/OCAP2/web/internal/storage/flatbuffers.go:141.2,141.17 1 1
github.com/OCAP2/web/internal/storage/flatbuffers.go:142.23,144.42 1 1
github.com/OCAP2/web/internal/storage/flatbuffers.go:145.28,147.22 1 0
github.com/OCAP2/web/internal/storage/flatbuffers.go:148.10,150.80 1 1
github.com/OCAP2/web/internal/storage/flatbuffers.go:155.93,158.2 2 1
github.com/OCAP2/web/internal/storage/flatbuffers.go:161.75,173.44 2 1
github.com/OCAP2/web/internal/storage/flatbuffers.go:173.44,175.28 2 1
github.com/OCAP2/web/internal/storage/flatbuffers.go:175.28,188.4 1 1
github.com/OCAP2/web/internal/storage/flatbuffers.go:192.2,192.42 1 1
github.com/OCAP2/web/internal/storage/flatbuffers.go:192.42,194.26 2 1
github.com/OCAP2/web/internal/storage/flatbuffers.go:194.26,204.4 1 1
github.com/OCAP2/web/internal/storage/flatbuffers.go:207.2,207.17 1 1
github.com/OCAP2/web/internal/storage/flatbuffers.go:211.66,218.42 2 1
github.com/OCAP2/web/internal/storage/flatbuffers.go:218.42,220.28 2 1
github.com/OCAP2/web/internal/storage/flatbuffers.go:220.28,225.48 2 1
github.com/OCAP2/web/internal/storage/flatbuffers.go:225.48,227.34 2 1
github.com/OCAP2/web/internal/storage/flatbuffers.go:227.34,240.49 2 1
github.com/OCAP2/web/internal/storage/flatbuffers.go:240.49,242.7 1 1
github.com/OCAP2/web/internal/storage/flatbuffers.go:244.6,244.41 1 1
github.com/OCAP2/web/internal/storage/flatbuffers.go:248.4,248.42 1 1
github.com/OCAP2/web/internal/storage/flatbuffers.go:252.2,252.14 1 1
github.com/OCAP2/web/internal/storage/flatbuffers.go:257.53,258.11 1 1
github.com/OCAP2/web/internal/storage/flatbuffers.go:259.27,260.16 1 1
github.com/OCAP2/web/internal/storage/flatbuffers.go:261.30,262.19 1 1
github.com/OCAP2/web/internal/storage/flatbuffers.go:263.10,264.19 1 1
github.com/OCAP2/web/internal/storage/flatbuffers.go:268.53,269.11 1 1
github.com/OCAP2/web/internal/storage/flatbuffers.go:270.14,271.29 1 1
github.com/OCAP2/web/internal/storage/flatbuffers.go:272.17,273.32 1 1
github.com/OCAP2/web/internal/storage/flatbuffers.go:274.10,275.32 1 1
github.com/OCAP2/web/internal/storage/flatbuffers.go:279.41,280.11 1 1
github.com/OCAP2/web/internal/storage/flatbuffers.go:281.21,282.16 1 1
github.com/OCAP2/web/internal/storage/flatbuffers.go:283.21,284.16 1 1
github.com/OCAP2/web/internal/storage/flatbuffers.go:285.21,286.16 1 1
github.com/OCAP2/web/internal/storage/flatbuffers.go:287.20,288.15 1 1
github.com/OCAP2/web/internal/storage/flatbuffers.go:289.23,290.18 1 1
github.com/OCAP2/web/internal/storage/flatbuffers.go:291.10,292.19 1 1
github.com/OCAP2/web/internal/storage/flatbuffers.go:296.41,297.11 1 1
github.com/OCAP2/web/internal/storage/flatbuffers.go:298.14,299.23 1 1
github.com/OCAP2/web/internal/storage/flatbuffers.go:300.14,301.23 1 1
github.com/OCAP2/web/internal/storage/flatbuffers.go:302.29,303.23 1 1
github.com/OCAP2/web/internal/storage/flatbuffers.go:304.25,305.22 1 1
github.com/OCAP2/web/internal/storage/flatbuffers.go:306.16,307.25 1 1
github.com/OCAP2/web/internal/storage/flatbuffers.go:308.10,309.26 1 1
github.com/OCAP2/web/internal/storage/json.go:20.48,22.2 1 1
github.com/OCAP2/web/internal/storage/json.go:24.47,24.64 1 1
github.com/OCAP2/web/internal/storage/json.go:25.47,25.63 1 1
github.com/OCAP2/web/internal/storage/json.go:27.91,29.16 2 1
github.com/OCAP2/web/internal/storage/json.go:29.16,31.3 1 1
github.com/OCAP2/web/internal/storage/json.go:33.2,44.58 2 1
github.com/OCAP2/web/internal/storage/json.go:44.58,45.32 1 1
github.com/OCAP2/web/internal/storage/json.go:45.32,46.50 1 1
github.com/OCAP2/web/internal/storage/json.go:46.50,57.27 2 1
github.com/OCAP2/web/internal/storage/json.go:57.27,59.6 1 1
github.com/OCAP2/web/internal/storage/json.go:60.5,60.55 1 1
github.com/OCAP2/web/internal/storage/json.go:65.2,65.22 1 1
github.com/OCAP2/web/internal/storage/json.go:68.101,70.2 1 1
github.com/OCAP2/web/internal/storage/json.go:72.101,74.2 1 1
github.com/OCAP2/web/internal/storage/json.go:76.114,78.2 1 1
github.com/OCAP2/web/internal/storage/json.go:80.84,82.2 1 1
github.com/OCAP2/web/internal/storage/json.go:84.86,86.2 1 1
github.com/OCAP2/web/internal/storage/json.go:88.80,91.41 2 1
github.com/OCAP2/web/internal/storage/json.go:91.41,93.3 1 1
github.com/OCAP2/web/internal/storage/json.go:96.2,97.41 2 1
github.com/OCAP2/web/internal/storage/json.go:97.41,99.3 1 1
github.com/OCAP2/web/internal/storage/json.go:101.2,101.61 1 1
github.com/OCAP2/web/internal/storage/json.go:104.80,106.16 2 1
github.com/OCAP2/web/internal/storage/json.go:106.16,108.3 1 0
github.com/OCAP2/web/internal/storage/json.go:109.2,112.16 3 1
github.com/OCAP2/web/internal/storage/json.go:112.16,114.3 1 1
github.com/OCAP2/web/internal/storage/json.go:115.2,118.58 3 1
github.com/OCAP2/web/internal/storage/json.go:118.58,120.3 1 1
github.com/OCAP2/web/internal/storage/json.go:121.2,121.18 1 1
github.com/OCAP2/web/internal/storage/json.go:124.81,126.16 2 1
github.com/OCAP2/web/internal/storage/json.go:126.16,128.3 1 0
github.com/OCAP2/web/internal/storage/json.go:129.2,132.57 3 1
github.com/OCAP2/web/internal/storage/json.go:132.57,134.3 1 1
github.com/OCAP2/web/internal/storage/json.go:135.2,135.18 1 1
github.com/OCAP2/web/internal/storage/json.go:139.61,140.34 1 1
github.com/OCAP2/web/internal/storage/json.go:140.34,142.3 1 1
github.com/OCAP2/web/internal/storage/json.go:143.2,143.11 1 1
github.com/OCAP2/web/internal/storage/json.go:146.63,147.35 1 1
github.com/OCAP2/web/internal/storage/json.go:147.35,149.3 1 1
github.com/OCAP2/web/internal/storage/json.go:150.2,150.10 1 1
github.com/OCAP2/web/internal/storage/json.go:153.61,155.2 1 1
github.com/OCAP2/web/internal/storage/parser.go:96.31,98.2 1 1
github.com/OCAP2/web/internal/storage/parser.go:101.52,102.29 1 1
github.com/OCAP2/web/internal/storage/parser.go:102.29,104.3 1 1
github.com/OCAP2/web/internal/storage/parser.go:105.2,105.69 1 1
github.com/OCAP2/web/internal/storage/parser_v1.go:4.13,6.2 1 1
github.com/OCAP2/web/internal/storage/parser_v1.go:12.47,14.2 1 1
github.com/OCAP2/web/internal/storage/parser_v1.go:17.95,29.58 2 1
github.com/OCAP2/web/internal/storage/parser_v1.go:29.58,30.32 1 1
github.com/OCAP2/web/internal/storage/parser_v1.go:30.32,32.11 2 1
github.com/OCAP2/web/internal/storage/parser_v1.go:32.11,33.13 1 1
github.com/OCAP2/web/internal/storage/parser_v1.go:36.4,56.27 7 1
github.com/OCAP2/web/internal/storage/parser_v1.go:56.27,58.5 1 1
github.com/OCAP2/web/internal/storage/parser_v1.go:63.2,63.54 1 1
github.com/OCAP2/web/internal/storage/parser_v1.go:63.54,64.30 1 1
github.com/OCAP2/web/internal/storage/parser_v1.go:64.30,66.30 2 1
github.com/OCAP2/web/internal/storage/parser_v1.go:66.30,67.13 1 1
github.com/OCAP2/web/internal/storage/parser_v1.go:70.4,71.20 2 1
github.com/OCAP2/web/internal/storage/parser_v1.go:71.20,73.5 1 1
github.com/OCAP2/web/internal/storage/parser_v1.go:78.2,78.56 1 1
github.com/OCAP2/web/internal/storage/parser_v1.go:78.56,79.29 1 1
github.com/OCAP2/web/internal/storage/parser_v1.go:79.29,81.11 2 1
github.com/OCAP2/web/internal/storage/parser_v1.go:81.11,82.13 1 1
github.com/OCAP2/web/internal/storage/parser_v1.go:85.4,86.21 2 1
github.com/OCAP2/web/internal/storage/parser_v1.go:86.21,88.5 1 1
github.com/OCAP2/web/internal/storage/parser_v1.go:93.2,93.52 1 1
github.com/OCAP2/web/internal/storage/parser_v1.go:93.52,94.27 1 1
github.com/OCAP2/web/internal/storage/parser_v1.go:94.27,96.11 2 1
github.com/OCAP2/web/internal/storage/parser_v1.go:96.11,97.13 1 1
github.com/OCAP2/web/internal/storage/parser_v1.go:100.4,107.51 2 1
github.com/OCAP2/web/internal/storage/parser_v1.go:111.2,111.20 1 1
github.com/OCAP2/web/internal/storage/parser_v1.go:115.91,116.58 1 1
github.com/OCAP2/web/internal/storage/parser_v1.go:116.58,118.3 1 1
github.com/OCAP2/web/internal/storage/parser_v1.go:119.2,119.19 1 1
github.com/OCAP2/web/internal/storage/parser_v1.go:123.60,124.21 1 1
github.com/OCAP2/web/internal/storage/parser_v1.go:124.21,126.3 1 1
github.com/OCAP2/web/internal/storage/parser_v1.go:128.2,134.63 2 1
github.com/OCAP2/web/internal/storage/parser_v1.go:134.63,135.22 1 1
github.com/OCAP2/web/internal/storage/parser_v1.go:135.22,137.4 1 1
github.com/OCAP2/web/internal/storage/parser_v1.go:138.3,138.15 1 1
github.com/OCAP2/web/internal/storage/parser_v1.go:146.2,147.21 2 1
github.com/OCAP2/web/internal/storage/parser_v1.go:147.21,149.3 1 1
github.com/OCAP2/web/internal/storage/parser_v1.go:151.2,151.26 1 1
github.com/OCAP2/web/internal/storage/parser_v1.go:151.26,153.22 1 1
github.com/OCAP2/web/internal/storage/parser_v1.go:153.22,155.4 1 1
github.com/OCAP2/web/internal/storage/parser_v1.go:156.3,156.22 1 1
github.com/OCAP2/web/internal/storage/parser_v1.go:156.22,157.54 1 1
github.com/OCAP2/web/internal/storage/parser_v1.go:157.54,158.27 1 1
github.com/OCAP2/web/internal/storage/parser_v1.go:158.27,160.6 1 1
github.com/OCAP2/web/internal/storage/parser_v1.go:161.5,161.27 1 1
github.com/OCAP2/web/internal/storage/parser_v1.go:161.27,163.6 1 1
github.com/OCAP2/web/internal/storage/parser_v1.go:166.3,166.22 1 1
github.com/OCAP2/web/internal/storage/parser_v1.go:166.22,167.40 1 1
github.com/OCAP2/web/internal/storage/parser_v1.go:167.40,169.5 1 1
github.com/OCAP2/web/internal/storage/parser_v1.go:171.8,173.22 1 1
github.com/OCAP2/web/internal/storage/parser_v1.go:173.22,175.4 1 1
github.com/OCAP2/web/internal/storage/parser_v1.go:176.3,176.22 1 1
github.com/OCAP2/web/internal/storage/parser_v1.go:176.22,178.4 1 1
github.com/OCAP2/web/internal/storage/parser_v1.go:179.3,179.22 1 1
github.com/OCAP2/web/internal/storage/parser_v1.go:179.22,181.33 1 1
github.com/OCAP2/web/internal/storage/parser_v1.go:182.16,183.54 1 1
github.com/OCAP2/web/internal/storage/parser_v1.go:183.54,185.6 1 1
github.com/OCAP2/web/internal/storage/parser_v1.go:185.11,187.6 1 1
github.com/OCAP2/web/internal/storage/parser_v1.go:188.17,189.32 1 1
github.com/OCAP2/web/internal/storage/parser_v1.go:192.3,192.22 1 1
github.com/OCAP2/web/internal/storage/parser_v1.go:192.22,193.40 1 1
github.com/OCAP2/web/internal/storage/parser_v1.go:193.40,195.5 1 1
github.com/OCAP2/web/internal/storage/parser_v1.go:199.2,199.14 1 1
github.com/OCAP2/web/internal/storage/parser_v1.go:203.68,205.24 1 1
github.com/OCAP2/web/internal/storage/parser_v1.go:205.24,207.3 1 1
github.com/OCAP2/web/internal/storage/parser_v1.go:209.2,220.24 2 1
github.com/OCAP2/web/internal/storage/parser_v1.go:220.24,221.56 1 1
github.com/OCAP2/web/internal/storage/parser_v1.go:221.56,222.34 1 1
github.com/OCAP2/web/internal/storage/parser_v1.go:222.34,224.18 2 1
github.com/OCAP2/web/internal/storage/parser_v1.go:224.18,226.6 1 1
github.com/OCAP2/web/internal/storage/parser_v1.go:232.2,232.24 1 1
github.com/OCAP2/web/internal/storage/parser_v1.go:232.24,233.54 1 1
github.com/OCAP2/web/internal/storage/parser_v1.go:233.54,234.30 1 1
github.com/OCAP2/web/internal/storage/parser_v1.go:234.30,236.5 1 1
github.com/OCAP2/web/internal/storage/parser_v1.go:241.2,241.24 1 1
github.com/OCAP2/web/internal/storage/parser_v1.go:241.24,243.3 1 1
github.com/OCAP2/web/internal/storage/parser_v1.go:246.2,246.25 1 1
github.com/OCAP2/web/internal/storage/parser_v1.go:246.25,248.3 1 1
github.com/OCAP2/web/internal/storage/parser_v1.go:250.2,250.15 1 1
github.com/OCAP2/web/internal/storage/parser_v1.go:254.73,260.26 2 1
github.com/OCAP2/web/internal/storage/parser_v1.go:260.26,262.3 1 1
github.com/OCAP2/web/internal/storage/parser_v1.go:264.2,267.18 2 1
github.com/OCAP2/web/internal/storage/parser_v1.go:267.18,268.47 1 1
github.com/OCAP2/web/internal/storage/parser_v1.go:268.47,271.24 2 1
github.com/OCAP2/web/internal/storage/parser_v1.go:271.24,274.24 3 1
github.com/OCAP2/web/internal/storage/parser_v1.go:274.24,276.6 1 1
github.com/OCAP2/web/internal/storage/parser_v1.go:278.4,278.20 1 1
github.com/OCAP2/web/internal/storage/parser_v1.go:278.20,280.5 1 1
github.com/OCAP2/web/internal/storage/parser_v1.go:281.4,281.20 1 1
github.com/OCAP2/web/internal/storage/parser_v1.go:281.20,283.5 1 1
github.com/OCAP2/web/internal/storage/parser_v1.go:284.4,284.13 1 1
github.com/OCAP2/web/internal/storage/parser_v1.go:289.2,289.46 1 1
github.com/OCAP2/web/internal/storage/parser_v1.go:289.46,291.23 1 1
github.com/OCAP2/web/internal/storage/parser_v1.go:291.23,294.23 3 1
github.com/OCAP2/web/internal/storage/parser_v1.go:294.23,296.5 1 1
github.com/OCAP2/web/internal/storage/parser_v1.go:298.3,298.19 1 1
github.com/OCAP2/web/internal/storage/parser_v1.go:298.19,300.4 1 1
github.com/OCAP2/web/internal/storage/parser_v1.go:301.3,301.19 1 1
github.com/OCAP2/web/internal/storage/parser_v1.go:301.19,303.4 1 1
github.com/OCAP2/web/internal/storage/parser_v1.go:304.3,304.19 1 1
github.com/OCAP2/web/internal/storage/parser_v1.go:304.19,306.4 1 1
github.com/OCAP2/web/internal/storage/parser_v1.go:307.8,309.20 1 1
github.com/OCAP2/web/internal/storage/parser_v1.go:309.20,312.20 3 1
github.com/OCAP2/web/internal/storage/parser_v1.go:312.20,314.5 1 1
github.com/OCAP2/web/internal/storage/parser_v1.go:318.2,318.11 1 1
github.com/OCAP2/web/internal/storage/parser_v1.go:322.145,324.9 2 1
github.com/OCAP2/web/internal/storage/parser_v1.go:324.9,326.3 1 1
github.com/OCAP2/web/internal/storage/parser_v1.go:328.2,333.36 2 1
github.com/OCAP2/web/internal/storage/parser_v1.go:333.36,335.29 2 1
github.com/OCAP2/web/internal/storage/parser_v1.go:335.29,336.12 1 1
github.com/OCAP2/web/internal/storage/parser_v1.go:339.3,344.70 2 1
github.com/OCAP2/web/internal/storage/parser_v1.go:344.70,347.4 2 1
github.com/OCAP2/web/internal/storage/parser_v1.go:350.3,350.22 1 1
github.com/OCAP2/web/internal/storage/parser_v1.go:350.22,352.4 1 1
github.com/OCAP2/web/internal/storage/parser_v1.go:355.3,355.22 1 1
github.com/OCAP2/web/internal/storage/parser_v1.go:355.22,357.4 1 1
github.com/OCAP2/web/internal/storage/parser_v1.go:360.3,360.27 1 1
github.com/OCAP2/web/internal/storage/parser_v1.go:360.27,362.23 1 1
github.com/OCAP2/web/internal/storage/parser_v1.go:362.23,365.14 2 1
github.com/OCAP2/web/internal/storage/parser_v1.go:365.14,368.6 2 1
github.com/OCAP2/web/internal/storage/parser_v1.go:368.11,368.22 1 1
github.com/OCAP2/web/internal/storage/parser_v1.go:368.22,370.6 1 1
github.com/OCAP2/web/internal/storage/parser_v1.go:372.4,372.23 1 1
github.com/OCAP2/web/internal/storage/parser_v1.go:372.23,374.5 1 1
github.com/OCAP2/web/internal/storage/parser_v1.go:375.4,375.23 1 1
github.com/OCAP2/web/internal/storage/parser_v1.go:375.23,377.5 1 1
github.com/OCAP2/web/internal/storage/parser_v1.go:378.9,378.37 1 1
github.com/OCAP2/web/internal/storage/parser_v1.go:378.37,380.23 1 1
github.com/OCAP2/web/internal/storage/parser_v1.go:380.23,381.53 1 1
github.com/OCAP2/web/internal/storage/parser_v1.go:381.53,382.35 1 1
github.com/OCAP2/web/internal/storage/parser_v1.go:382.35,384.7 1 1
github.com/OCAP2/web/internal/storage/parser_v1.go:389.3,389.47 1 1
github.com/OCAP2/web/internal/storage/parser_v1.go:392.2,392.13 1 1
github.com/OCAP2/web/internal/storage/parser_v1.go:397.40,398.13 1 1
github.com/OCAP2/web/internal/storage/parser_v1.go:399.9,400.16 1 1
github.com/OCAP2/web/internal/storage/parser_v1.go:401.9,402.16 1 1
github.com/OCAP2/web/internal/storage/parser_v1.go:403.9,404.16 1 1
github.com/OCAP2/web/internal/storage/parser_v1.go:405.9,406.15 1 1
github.com/OCAP2/web/internal/storage/parser_v1.go:407.10,408.18 1 1
github.com/OCAP2/web/internal/storage/parser_v1.go:409.10,410.12 1 1
github.com/OCAP2/web/internal/storage/protobuf.go:26.56,28.2 1 1
github.com/OCAP2/web/internal/storage/protobuf.go:30.51,30.72 1 1
github.com/OCAP2/web/internal/storage/protobuf.go:31.51,31.66 1 1
github.com/OCAP2/web/internal/storage/protobuf.go:33.95,36.16 3 1
github.com/OCAP2/web/internal/storage/protobuf.go:36.16,38.3 1 1
github.com/OCAP2/web/internal/storage/protobuf.go:39.2,42.16 3 1
github.com/OCAP2/web/internal/storage/protobuf.go:42.16,44.3 1 1
github.com/OCAP2/web/internal/storage/protobuf.go:46.2,47.59 2 1
github.com/OCAP2/web/internal/storage/protobuf.go:47.59,49.3 1 1
github.com/OCAP2/web/internal/storage/protobuf.go:52.2,62.42 2 1
github.com/OCAP2/web/internal/storage/protobuf.go:62.42,75.3 1 1
github.com/OCAP2/web/internal/storage/protobuf.go:77.2,77.22 1 1
github.com/OCAP2/web/internal/storage/protobuf.go:80.105,83.2 2 1
github.com/OCAP2/web/internal/storage/protobuf.go:85.105,88.16 3 1
github.com/OCAP2/web/internal/storage/protobuf.go:88.16,90.3 1 1
github.com/OCAP2/web/internal/storage/protobuf.go:91.2,94.16 3 1
github.com/OCAP2/web/internal/storage/protobuf.go:94.16,96.3 1 0
github.com/OCAP2/web/internal/storage/protobuf.go:98.2,99.56 2 1
github.com/OCAP2/web/internal/storage/protobuf.go:99.56,101.3 1 0
github.com/OCAP2/web/internal/storage/protobuf.go:103.2,109.35 2 1
github.com/OCAP2/web/internal/storage/protobuf.go:109.35,111.33 2 1
github.com/OCAP2/web/internal/storage/protobuf.go:111.33,124.4 1 1
github.com/OCAP2/web/internal/storage/protobuf.go:125.3,125.45 1 1
github.com/OCAP2/web/internal/storage/protobuf.go:128.2,128.19 1 1
github.com/OCAP2/web/internal/storage/protobuf.go:131.118,134.2 2 1
github.com/OCAP2/web/internal/storage/protobuf.go:136.88,139.16 3 1
github.com/OCAP2/web/internal/storage/protobuf.go:139.16,141.3 1 0
github.com/OCAP2/web/internal/storage/protobuf.go:142.2,145.16 3 1
github.com/OCAP2/web/internal/storage/protobuf.go:145.16,147.3 1 0
github.com/OCAP2/web/internal/storage/protobuf.go:149.2,150.57 2 1
github.com/OCAP2/web/internal/storage/protobuf.go:150.57,152.3 1 1
github.com/OCAP2/web/internal/storage/protobuf.go:154.2,154.38 1 1
github.com/OCAP2/web/internal/storage/protobuf.go:160.77,163.16 2 1
github.com/OCAP2/web/internal/storage/protobuf.go:163.16,165.3 1 0
github.com/OCAP2/web/internal/storage/protobuf.go:168.2,168.38 1 1
github.com/OCAP2/web/internal/storage/protobuf.go:168.38,170.3 1 1
github.com/OCAP2/web/internal/storage/protobuf.go:186.2,188.23 2 1
github.com/OCAP2/web/internal/storage/protobuf.go:188.23,191.3 1 1
github.com/OCAP2/web/internal/storage/protobuf.go:194.2,196.16 3 1
github.com/OCAP2/web/internal/storage/protobuf.go:196.16,199.3 1 0
github.com/OCAP2/web/internal/storage/protobuf.go:202.2,202.17 1 1
github.com/OCAP2/web/internal/storage/protobuf.go:203.23,205.42 1 1
github.com/OCAP2/web/internal/storage/protobuf.go:206.28,208.22 1 0
github.com/OCAP2/web/internal/storage/protobuf.go:209.10,211.77 1 1
github.com/OCAP2/web/internal/storage/protobuf.go:215.90,218.2 2 1
github.com/OCAP2/web/internal/storage/protobuf.go:220.51,221.11 1 1
github.com/OCAP2/web/internal/storage/protobuf.go:222.40,223.16 1 1
github.com/OCAP2/web/internal/storage/protobuf.go:224.43,225.19 1 1
github.com/OCAP2/web/internal/storage/protobuf.go:226.10,227.19 1 1
github.com/OCAP2/web/internal/storage/protobuf.go:231.39,232.11 1 1
github.com/OCAP2/web/internal/storage/protobuf.go:233.27,234.16 1 1
github.com/OCAP2/web/internal/storage/protobuf.go:235.27,236.16 1 1
github.com/OCAP2/web/internal/storage/protobuf.go:237.27,238.16 1 1
github.com/OCAP2/web/internal/storage/protobuf.go:239.26,240.15 1 1
github.com/OCAP2/web/internal/storage/protobuf.go:241.29,242.18 1 1
github.com/OCAP2/web/internal/storage/protobuf.go:243.10,244.19 1 1
github.com/OCAP2/web/internal/storage/version.go:14.40,15.31 1 1
github.com/OCAP2/web/internal/storage/version.go:15.31,17.3 1 1
github.com/OCAP2/web/internal/storage/version.go:18.2,18.30 1 1
github.com/OCAP2/web/internal/storage/version.go:30.43,31.34 1 1
github.com/OCAP2/web/internal/storage/version.go:31.34,33.3 1 1
github.com/OCAP2/web/internal/storage/version.go:34.2,34.30 1 1
github.com/OCAP2/web/internal/storage/version.go:38.75,40.33 2 1
github.com/OCAP2/web/internal/storage/version.go:40.33,41.30 1 1
github.com/OCAP2/web/internal/storage/version.go:41.30,43.4 1 1
github.com/OCAP2/web/internal/storage/version.go:45.2,45.27 1 1
github.com/OCAP2/web/internal/storage/version.go:49.61,50.15 1 1
github.com/OCAP2/web/internal/storage/version.go:51.26,52.25 1 1
github.com/OCAP2/web/internal/storage/version.go:53.10,54.30 1 1
github.com/OCAP2/web/internal/storage/writer.go:22.31,25.2 2 1
github.com/OCAP2/web/internal/storage/writer.go:28.70,30.31 2 1
github.com/OCAP2/web/internal/storage/writer.go:30.31,32.3 1 1
github.com/OCAP2/web/internal/storage/writer.go:33.2,33.72 1 1
github.com/OCAP2/web/internal/storage/writer.go:37.67,39.2 1 1
github.com/OCAP2/web/internal/storage/writer.go:42.60,46.2 3 1
github.com/OCAP2/web/internal/storage/writer_flatbuffers_v1.go:14.13,16.2 1 1
github.com/OCAP2/web/internal/storage/writer_flatbuffers_v1.go:22.55,22.81 1 1
github.com/OCAP2/web/internal/storage/writer_flatbuffers_v1.go:25.47,25.71 1 1
github.com/OCAP2/web/internal/storage/writer_flatbuffers_v1.go:28.112,37.16 5 1
github.com/OCAP2/web/internal/storage/writer_flatbuffers_v1.go:37.16,39.3 1 0
github.com/OCAP2/web/internal/storage/writer_flatbuffers_v1.go:40.2,43.63 2 1
github.com/OCAP2/web/internal/storage/writer_flatbuffers_v1.go:43.63,45.3 1 0
github.com/OCAP2/web/internal/storage/writer_flatbuffers_v1.go:48.2,48.60 1 1
github.com/OCAP2/web/internal/storage/writer_flatbuffers_v1.go:48.60,50.3 1 0
github.com/OCAP2/web/internal/storage/writer_flatbuffers_v1.go:52.2,52.12 1 1
github.com/OCAP2/web/internal/storage/writer_flatbuffers_v1.go:56.110,59.53 2 1
github.com/OCAP2/web/internal/storage/writer_flatbuffers_v1.go:59.53,61.3 1 0
github.com/OCAP2/web/internal/storage/writer_flatbuffers_v1.go:64.2,65.21 2 1
github.com/OCAP2/web/internal/storage/writer_flatbuffers_v1.go:65.21,67.3 1 1
github.com/OCAP2/web/internal/storage/writer_flatbuffers_v1.go:70.2,70.63 1 1
github.com/OCAP2/web/internal/storage/writer_flatbuffers_v1.go:70.63,71.10 1 1
github.com/OCAP2/web/internal/storage/writer_flatbuffers_v1.go:72.21,73.20 1 1
github.com/OCAP2/web/internal/storage/writer_flatbuffers_v1.go:74.11,74.11 0 1
github.com/OCAP2/web/internal/storage/writer_flatbuffers_v1.go:77.3,77.67 1 1
github.com/OCAP2/web/internal/storage/writer_flatbuffers_v1.go:77.67,79.4 1 0
github.com/OCAP2/web/internal/storage/writer_flatbuffers_v1.go:82.2,82.12 1 1
github.com/OCAP2/web/internal/storage/writer_flatbuffers_v1.go:86.116,89.21 2 1
github.com/OCAP2/web/internal/storage/writer_flatbuffers_v1.go:89.21,91.3 1 1
github.com/OCAP2/web/internal/storage/writer_flatbuffers_v1.go:94.2,95.38 2 1
github.com/OCAP2/web/internal/storage/writer_flatbuffers_v1.go:95.38,97.3 1 1
github.com/OCAP2/web/internal/storage/writer_flatbuffers_v1.go:100.2,101.47 2 1
github.com/OCAP2/web/internal/storage/writer_flatbuffers_v1.go:101.47,103.3 1 1
github.com/OCAP2/web/internal/storage/writer_flatbuffers_v1.go:104.2,108.36 3 1
github.com/OCAP2/web/internal/storage/writer_flatbuffers_v1.go:108.36,110.3 1 1
github.com/OCAP2/web/internal/storage/writer_flatbuffers_v1.go:113.2,114.46 2 1
github.com/OCAP2/web/internal/storage/writer_flatbuffers_v1.go:114.46,116.3 1 1
github.com/OCAP2/web/internal/storage/writer_flatbuffers_v1.go:117.2,121.40 3 1
github.com/OCAP2/web/internal/storage/writer_flatbuffers_v1.go:121.40,123.3 1 1
github.com/OCAP2/web/internal/storage/writer_flatbuffers_v1.go:126.2,127.47 2 1
github.com/OCAP2/web/internal/storage/writer_flatbuffers_v1.go:127.47,129.3 1 1
github.com/OCAP2/web/internal/storage/writer_flatbuffers_v1.go:130.2,134.33 3 1
github.com/OCAP2/web/internal/storage/writer_flatbuffers_v1.go:134.33,136.3 1 1
github.com/OCAP2/web/internal/storage/writer_flatbuffers_v1.go:139.2,140.45 2 1
github.com/OCAP2/web/internal/storage/writer_flatbuffers_v1.go:140.45,142.3 1 1
github.com/OCAP2/web/internal/storage/writer_flatbuffers_v1.go:143.2,167.34 20 1
github.com/OCAP2/web/internal/storage/writer_flatbuffers_v1.go:171.109,190.2 16 1
github.com/OCAP2/web/internal/storage/writer_flatbuffers_v1.go:193.101,208.2 12 1
github.com/OCAP2/web/internal/storage/writer_flatbuffers_v1.go:211.106,220.32 7 1
github.com/OCAP2/web/internal/storage/writer_flatbuffers_v1.go:220.32,229.3 8 1
github.com/OCAP2/web/internal/storage/writer_flatbuffers_v1.go:232.2,233.44 2 1
github.com/OCAP2/web/internal/storage/writer_flatbuffers_v1.go:233.44,235.3 1 1
github.com/OCAP2/web/internal/storage/writer_flatbuffers_v1.go:236.2,240.40 3 1
github.com/OCAP2/web/internal/storage/writer_flatbuffers_v1.go:240.40,242.3 1 1
github.com/OCAP2/web/internal/storage/writer_flatbuffers_v1.go:243.2,258.35 14 1
github.com/OCAP2/web/internal/storage/writer_flatbuffers_v1.go:262.111,274.2 9 1
github.com/OCAP2/web/internal/storage/writer_flatbuffers_v1.go:277.104,287.16 6 1
github.com/OCAP2/web/internal/storage/writer_flatbuffers_v1.go:287.16,289.3 1 0
github.com/OCAP2/web/internal/storage/writer_flatbuffers_v1.go:290.2,293.63 2 1
github.com/OCAP2/web/internal/storage/writer_flatbuffers_v1.go:293.63,295.3 1 0
github.com/OCAP2/web/internal/storage/writer_flatbuffers_v1.go:298.2,298.60 1 1
github.com/OCAP2/web/internal/storage/writer_flatbuffers_v1.go:298.60,300.3 1 0
github.com/OCAP2/web/internal/storage/writer_flatbuffers_v1.go:302.2,302.12 1 1
github.com/OCAP2/web/internal/storage/writer_flatbuffers_v1.go:306.133,309.34 3 1
github.com/OCAP2/web/internal/storage/writer_flatbuffers_v1.go:309.34,311.3 1 1
github.com/OCAP2/web/internal/storage/writer_flatbuffers_v1.go:314.2,315.62 2 1
github.com/OCAP2/web/internal/storage/writer_flatbuffers_v1.go:315.62,318.45 2 1
github.com/OCAP2/web/internal/storage/writer_flatbuffers_v1.go:318.45,320.20 2 1
github.com/OCAP2/web/internal/storage/writer_flatbuffers_v1.go:320.20,321.13 1 1
github.com/OCAP2/web/internal/storage/writer_flatbuffers_v1.go:325.4,326.30 2 1
github.com/OCAP2/web/internal/storage/writer_flatbuffers_v1.go:326.30,328.50 2 1
github.com/OCAP2/web/internal/storage/writer_flatbuffers_v1.go:328.50,330.6 1 1
github.com/OCAP2/web/internal/storage/writer_flatbuffers_v1.go:331.5,331.52 1 1
github.com/OCAP2/web/internal/storage/writer_flatbuffers_v1.go:334.4,342.30 8 1
github.com/OCAP2/web/internal/storage/writer_flatbuffers_v1.go:342.30,344.5 1 1
github.com/OCAP2/web/internal/storage/writer_flatbuffers_v1.go:345.4,349.69 5 1
github.com/OCAP2/web/internal/storage/writer_flatbuffers_v1.go:353.3,354.47 2 1
github.com/OCAP2/web/internal/storage/writer_flatbuffers_v1.go:354.47,356.4 1 1
github.com/OCAP2/web/internal/storage/writer_flatbuffers_v1.go:357.3,363.62 5 1
github.com/OCAP2/web/internal/storage/writer_flatbuffers_v1.go:367.2,368.46 2 1
github.com/OCAP2/web/internal/storage/writer_flatbuffers_v1.go:368.46,370.3 1 1
github.com/OCAP2/web/internal/storage/writer_flatbuffers_v1.go:371.2,380.31 7 1
github.com/OCAP2/web/internal/storage/writer_flatbuffers_v1.go:384.110,385.35 1 1
github.com/OCAP2/web/internal/storage/writer_flatbuffers_v1.go:385.35,386.31 1 1
github.com/OCAP2/web/internal/storage/writer_flatbuffers_v1.go:386.31,399.4 1 1
github.com/OCAP2/web/internal/storage/writer_flatbuffers_v1.go:401.2,401.12 1 1
github.com/OCAP2/web/internal/storage/writer_flatbuffers_v1.go:419.78,420.28 1 1
github.com/OCAP2/web/internal/storage/writer_flatbuffers_v1.go:421.14,422.29 1 1
github.com/OCAP2/web/internal/storage/writer_flatbuffers_v1.go:423.17,424.32 1 1
github.com/OCAP2/web/internal/storage/writer_flatbuffers_v1.go:425.10,426.32 1 1
github.com/OCAP2/web/internal/storage/writer_flatbuffers_v1.go:431.66,432.28 1 1
github.com/OCAP2/web/internal/storage/writer_flatbuffers_v1.go:433.14,434.23 1 1
github.com/OCAP2/web/internal/storage/writer_flatbuffers_v1.go:435.14,436.23 1 1
github.com/OCAP2/web/internal/storage/writer_flatbuffers_v1.go:437.29,438.23 1 1
github.com/OCAP2/web/internal/storage/writer_flatbuffers_v1.go:439.25,440.22 1 1
github.com/OCAP2/web/internal/storage/writer_flatbuffers_v1.go:441.16,442.25 1 1
github.com/OCAP2/web/internal/storage/writer_flatbuffers_v1.go:443.10,444.26 1 1
github.com/OCAP2/web/internal/storage/writer_protobuf_v1.go:15.13,17.2 1 1
github.com/OCAP2/web/internal/storage/writer_protobuf_v1.go:23.52,23.78 1 1
github.com/OCAP2/web/internal/storage/writer_protobuf_v1.go:26.44,26.65 1 1
github.com/OCAP2/web/internal/storage/writer_protobuf_v1.go:29.109,35.16 3 1
github.com/OCAP2/web/internal/storage/writer_protobuf_v1.go:35.16,37.3 1 0
github.com/OCAP2/web/internal/storage/writer_protobuf_v1.go:38.2,41.63 2 1
github.com/OCAP2/web/internal/storage/writer_protobuf_v1.go:41.63,43.3 1 0
github.com/OCAP2/web/internal/storage/writer_protobuf_v1.go:46.2,47.16 2 1
github.com/OCAP2/web/internal/storage/writer_protobuf_v1.go:47.16,49.3 1 0
github.com/OCAP2/web/internal/storage/writer_protobuf_v1.go:50.2,50.41 1 1
github.com/OCAP2/web/internal/storage/writer_protobuf_v1.go:50.41,52.3 1 0
github.com/OCAP2/web/internal/storage/writer_protobuf_v1.go:54.2,54.12 1 1
github.com/OCAP2/web/internal/storage/writer_protobuf_v1.go:58.107,61.53 2 1
github.com/OCAP2/web/internal/storage/writer_protobuf_v1.go:61.53,63.3 1 0
github.com/OCAP2/web/internal/storage/writer_protobuf_v1.go:66.2,67.21 2 1
github.com/OCAP2/web/internal/storage/writer_protobuf_v1.go:67.21,69.3 1 1
github.com/OCAP2/web/internal/storage/writer_protobuf_v1.go:72.2,72.63 1 1
github.com/OCAP2/web/internal/storage/writer_protobuf_v1.go:72.63,73.10 1 1
github.com/OCAP2/web/internal/storage/writer_protobuf_v1.go:74.21,75.20 1 1
github.com/OCAP2/web/internal/storage/writer_protobuf_v1.go:76.11,76.11 0 1
github.com/OCAP2/web/internal/storage/writer_protobuf_v1.go:79.3,80.66 2 1
github.com/OCAP2/web/internal/storage/writer_protobuf_v1.go:80.66,82.4 1 0
github.com/OCAP2/web/internal/storage/writer_protobuf_v1.go:85.2,85.12 1 1
github.com/OCAP2/web/internal/storage/writer_protobuf_v1.go:89.80,92.21 2 1
github.com/OCAP2/web/internal/storage/writer_protobuf_v1.go:92.21,94.3 1 1
github.com/OCAP2/web/internal/storage/writer_protobuf_v1.go:96.2,109.36 2 1
github.com/OCAP2/web/internal/storage/writer_protobuf_v1.go:109.36,111.3 1 1
github.com/OCAP2/web/internal/storage/writer_protobuf_v1.go:114.2,114.34 1 1
github.com/OCAP2/web/internal/storage/writer_protobuf_v1.go:114.34,116.3 1 1
github.com/OCAP2/web/internal/storage/writer_protobuf_v1.go:119.2,119.35 1 1
github.com/OCAP2/web/internal/storage/writer_protobuf_v1.go:119.35,121.3 1 1
github.com/OCAP2/web/internal/storage/writer_protobuf_v1.go:124.2,124.33 1 1
github.com/OCAP2/web/internal/storage/writer_protobuf_v1.go:124.33,126.3 1 1
github.com/OCAP2/web/internal/storage/writer_protobuf_v1.go:128.2,128.17 1 1
github.com/OCAP2/web/internal/storage/writer_protobuf_v1.go:132.74,145.2 1 1
github.com/OCAP2/web/internal/storage/writer_protobuf_v1.go:148.62,158.2 1 1
github.com/OCAP2/web/internal/storage/writer_protobuf_v1.go:161.71,176.32 2 1
github.com/OCAP2/web/internal/storage/writer_protobuf_v1.go:176.32,185.3 1 1
github.com/OCAP2/web/internal/storage/writer_protobuf_v1.go:187.2,187.15 1 1
github.com/OCAP2/web/internal/storage/writer_protobuf_v1.go:191.77,199.2 1 1
github.com/OCAP2/web/internal/storage/writer_protobuf_v1.go:202.89,205.34 3 1
github.com/OCAP2/web/internal/storage/writer_protobuf_v1.go:205.34,207.3 1 1
github.com/OCAP2/web/internal/storage/writer_protobuf_v1.go:209.2,216.62 2 1
github.com/OCAP2/web/internal/storage/writer_protobuf_v1.go:216.62,222.45 2 1
github.com/OCAP2/web/internal/storage/writer_protobuf_v1.go:222.45,224.20 2 1
github.com/OCAP2/web/internal/storage/writer_protobuf_v1.go:224.20,226.5 1 1
github.com/OCAP2/web/internal/storage/writer_protobuf_v1.go:229.3,229.45 1 1
github.com/OCAP2/web/internal/storage/writer_protobuf_v1.go:232.2,232.14 1 1
github.com/OCAP2/web/internal/storage/writer_protobuf_v1.go:236.108,238.35 1 1
github.com/OCAP2/web/internal/storage/writer_protobuf_v1.go:238.35,239.31 1 1
github.com/OCAP2/web/internal/storage/writer_protobuf_v1.go:239.31,252.4 1 1
github.com/OCAP2/web/internal/storage/writer_protobuf_v1.go:254.2,254.12 1 1
github.com/OCAP2/web/internal/storage/writer_protobuf_v1.go:258.96,261.16 3 1
github.com/OCAP2/web/internal/storage/writer_protobuf_v1.go:261.16,263.3 1 0
github.com/OCAP2/web/internal/storage/writer_protobuf_v1.go:264.2,267.63 2 1
github.com/OCAP2/web/internal/storage/writer_protobuf_v1.go:267.63,269.3 1 0
github.com/OCAP2/web/internal/storage/writer_protobuf_v1.go:272.2,273.16 2 1
github.com/OCAP2/web/internal/storage/writer_protobuf_v1.go:273.16,275.3 1 0
github.com/OCAP2/web/internal/storage/writer_protobuf_v1.go:276.2,276.41 1 1
github.com/OCAP2/web/internal/storage/writer_protobuf_v1.go:276.41,278.3 1 0
github.com/OCAP2/web/internal/storage/writer_protobuf_v1.go:280.2,280.12 1 1
github.com/OCAP2/web/internal/storage/writer_protobuf_v1.go:284.73,285.28 1 1
github.com/OCAP2/web/internal/storage/writer_protobuf_v1.go:286.14,287.42 1 1
github.com/OCAP2/web/internal/storage/writer_protobuf_v1.go:288.17,289.45 1 1
github.com/OCAP2/web/internal/storage/writer_protobuf_v1.go:290.10,291.45 1 1
github.com/OCAP2/web/internal/storage/writer_protobuf_v1.go:296.61,297.28 1 1
github.com/OCAP2/web/internal/storage/writer_protobuf_v1.go:298.14,299.29 1 1
github.com/OCAP2/web/internal/storage/writer_protobuf_v1.go:300.14,301.29 1 1
github.com/OCAP2/web/internal/storage/writer_protobuf_v1.go:302.29,303.29 1 1
github.com/OCAP2/web/internal/storage/writer_protobuf_v1.go:304.25,305.28 1 1
github.com/OCAP2/web/internal/storage/writer_protobuf_v1.go:306.16,307.31 1 1
github.com/OCAP2/web/internal/storage/writer_protobuf_v1.go:308.10,309.32 1 1
